======= M x W
> quant1 <- rq(diff ~ street_wid +  mov_cars + park_cars + mov_ciclyst + landscape + build_ident + trees + log2(build_height+1) + diff_build + people + graffiti + catole + liberdade, tau=0.1, data=agrad.l)#Same model with Statsmodel in Python!
> summary.rq(quant1, se = "boot")#Pleasantness

Call: rq(formula = diff ~ street_wid + mov_cars + park_cars + mov_ciclyst + 
    landscape + build_ident + trees + log2(build_height + 1) + 
    diff_build + people + graffiti + catole + liberdade, tau = 0.1, 
    data = agrad.l)

tau: [1] 0.1

Coefficients:
                       Value     Std. Error t value   Pr(>|t|) 
(Intercept)            -85.75480  44.11981   -1.94368   0.05492
street_wid              -0.07116   0.55723   -0.12771   0.89865
mov_cars                -6.19387   3.56742   -1.73623   0.08580
park_cars                0.05881   1.29935    0.04526   0.96400
mov_ciclyst              5.10817   5.81414    0.87858   0.38187
landscape                8.09405   5.36608    1.50837   0.13481
build_ident              0.05554   3.12838    0.01775   0.98587
trees                    4.20585   1.64353    2.55903   0.01209
log2(build_height + 1)   6.16195   6.44351    0.95630   0.34137
diff_build               3.73912   2.60750    1.43398   0.15490
people                  -1.96979   2.32106   -0.84866   0.39823
graffitiYes             -7.83542  11.75859   -0.66636   0.50681
catole                 -17.76827  15.17931   -1.17056   0.24474
liberdade              -12.72989  14.08763   -0.90362   0.36851
> quant1 <- rq(diff ~ street_wid +  mov_cars + park_cars + mov_ciclyst + landscape + build_ident + trees + log2(build_height+1) + diff_build + people + graffiti + catole + liberdade, tau=0.9, data=agrad.l)#Same model with Statsmodel in Python!
> summary.rq(quant1, se = "boot")#Pleasantness

Call: rq(formula = diff ~ street_wid + mov_cars + park_cars + mov_ciclyst + 
    landscape + build_ident + trees + log2(build_height + 1) + 
    diff_build + people + graffiti + catole + liberdade, tau = 0.9, 
    data = agrad.l)

tau: [1] 0.9

Coefficients:
                       Value     Std. Error t value   Pr(>|t|) 
(Intercept)            -38.69398  34.10224   -1.13465   0.25941
street_wid              -0.41669   0.68994   -0.60395   0.54733
mov_cars                -0.61718   2.74268   -0.22503   0.82244
park_cars                1.66369   1.31662    1.26361   0.20950
mov_ciclyst              5.99348   6.62361    0.90487   0.36785
landscape                9.11249   5.00902    1.81922   0.07206
build_ident              0.42863   3.29865    0.12994   0.89689
trees                    3.94730   2.19999    1.79423   0.07599
log2(build_height + 1)   9.89709   7.33117    1.35000   0.18026
diff_build              -2.67332   2.54513   -1.05037   0.29624
people                  -0.11762   1.56959   -0.07493   0.94043
graffitiYes             15.58427  12.62411    1.23448   0.22010
catole                   5.40365  12.31524    0.43878   0.66183
liberdade                5.89051  10.86089    0.54236   0.58885
======= Y x A
> quant1 <- rq(diff ~ street_wid +  mov_cars + park_cars + mov_ciclyst + landscape + build_ident + trees + log2(build_height+1) + diff_build + people + graffiti + catole + liberdade, tau=0.1, data=agrad.l)#Same model with Statsmodel in Python!
> summary.rq(quant1, se = "boot")#Pleasantness

Call: rq(formula = diff ~ street_wid + mov_cars + park_cars + mov_ciclyst + 
    landscape + build_ident + trees + log2(build_height + 1) + 
    diff_build + people + graffiti + catole + liberdade, tau = 0.1, 
    data = agrad.l)

tau: [1] 0.1

Coefficients:
                       Value     Std. Error t value   Pr(>|t|) 
(Intercept)            -32.42666  42.39490   -0.76487   0.44626
street_wid              -0.32038   0.46978   -0.68197   0.49693
mov_cars                 1.40690   2.61795    0.53741   0.59226
park_cars                0.13424   1.37541    0.09760   0.92246
mov_ciclyst              5.70196   6.87048    0.82992   0.40869
landscape                0.51386   7.03451    0.07305   0.94192
build_ident              0.03371   1.68118    0.02005   0.98405
trees                    1.56007   2.22245    0.70196   0.48444
log2(build_height + 1)   2.41578   6.83903    0.35323   0.72470
diff_build               1.67385   2.24241    0.74645   0.45726
people                  -2.49221   1.89481   -1.31528   0.19161
graffitiYes             -0.49113  12.91443   -0.03803   0.96974
catole                   1.51345  13.52491    0.11190   0.91114
liberdade                1.79827  12.68975    0.14171   0.88761
> quant1 <- rq(diff ~ street_wid +  mov_cars + park_cars + mov_ciclyst + landscape + build_ident + trees + log2(build_height+1) + diff_build + people + graffiti + catole + liberdade, tau=0.9, data=agrad.l)#Same model with Statsmodel in Python!
> summary.rq(quant1, se = "boot")#Pleasantness

Call: rq(formula = diff ~ street_wid + mov_cars + park_cars + mov_ciclyst + 
    landscape + build_ident + trees + log2(build_height + 1) + 
    diff_build + people + graffiti + catole + liberdade, tau = 0.9, 
    data = agrad.l)

tau: [1] 0.9

Coefficients:
                       Value     Std. Error t value   Pr(>|t|) 
(Intercept)            -10.30139  25.76096   -0.39988   0.69015
street_wid               0.32981   0.70934    0.46495   0.64304
mov_cars                 1.88315   2.96889    0.63429   0.52743
park_cars               -0.73743   0.86379   -0.85371   0.39544
mov_ciclyst              3.73366   5.81778    0.64177   0.52259
landscape               -0.78917   5.02444   -0.15707   0.87553
build_ident             -1.38994   1.84355   -0.75395   0.45276
trees                    0.23324   1.25267    0.18620   0.85269
log2(build_height + 1)   6.30685   3.86149    1.63327   0.10576
diff_build              -0.85801   2.48752   -0.34493   0.73092
people                   0.47898   1.61324    0.29691   0.76719
graffitiYes             -0.44212   9.55753   -0.04626   0.96320
catole                   0.31641  12.43807    0.02544   0.97976
liberdade                1.20099   9.24620    0.12989   0.89693
======= M x S
> quant1 <- rq(diff ~ street_wid +  mov_cars + park_cars + mov_ciclyst + landscape + build_ident + trees + log2(build_height+1) + diff_build + people + graffiti + catole + liberdade, tau=0.1, data=agrad.l)#Same model with Statsmodel in Python!
> summary.rq(quant1, se = "boot")#Pleasantness

Call: rq(formula = diff ~ street_wid + mov_cars + park_cars + mov_ciclyst + 
    landscape + build_ident + trees + log2(build_height + 1) + 
    diff_build + people + graffiti + catole + liberdade, tau = 0.1, 
    data = agrad.l)

tau: [1] 0.1

Coefficients:
                       Value     Std. Error t value   Pr(>|t|) 
(Intercept)             20.35179  41.96646    0.48495   0.62884
street_wid               0.81817   0.99678    0.82081   0.41383
mov_cars                -5.77969   3.76906   -1.53346   0.12852
park_cars               -1.08050   1.17013   -0.92339   0.35817
mov_ciclyst             -0.77596   5.35588   -0.14488   0.88512
landscape               -5.36169   5.29295   -1.01299   0.31367
build_ident              1.50559   2.16200    0.69639   0.48790
trees                   -1.86101   2.78733   -0.66767   0.50598
log2(build_height + 1)  -7.63058   7.73255   -0.98681   0.32627
diff_build               0.37202   2.20969    0.16836   0.86666
people                   0.22048   1.89388    0.11642   0.90757
graffitiYes            -17.54397  14.14066   -1.24068   0.21781
catole                 -20.81112  14.26348   -1.45905   0.14789
liberdade              -16.99215  12.28610   -1.38304   0.16993
> quant1 <- rq(diff ~ street_wid +  mov_cars + park_cars + mov_ciclyst + landscape + build_ident + trees + log2(build_height+1) + diff_build + people + graffiti + catole + liberdade, tau=0.9, data=agrad.l)#Same model with Statsmodel in Python!
> summary.rq(quant1, se = "boot")#Pleasantness

Call: rq(formula = diff ~ street_wid + mov_cars + park_cars + mov_ciclyst + 
    landscape + build_ident + trees + log2(build_height + 1) + 
    diff_build + people + graffiti + catole + liberdade, tau = 0.9, 
    data = agrad.l)

tau: [1] 0.9

Coefficients:
                       Value     Std. Error t value   Pr(>|t|) 
(Intercept)             19.94379  60.45476    0.32990   0.74221
street_wid               0.15179   0.83130    0.18260   0.85551
mov_cars                -6.97452   3.50570   -1.98948   0.04955
park_cars               -1.37728   2.20041   -0.62592   0.53288
mov_ciclyst              0.89477  11.60411    0.07711   0.93870
landscape               -2.34881   9.65068   -0.24338   0.80824
build_ident              0.89326   3.51605    0.25405   0.80001
trees                    2.58918   2.06677    1.25276   0.21340
log2(build_height + 1)   9.88785   9.24105    1.06999   0.28736
diff_build              -1.66909   3.32272   -0.50232   0.61661
people                   3.54256   3.20159    1.10650   0.27133
graffitiYes              9.43972  19.51041    0.48383   0.62963
catole                 -40.30946  22.33103   -1.80509   0.07426
liberdade              -21.37165  18.46596   -1.15735   0.25006
======= L x H
> quant1 <- rq(diff ~ street_wid +  mov_cars + park_cars + mov_ciclyst + landscape + build_ident + trees + log2(build_height+1) + diff_build + people + graffiti + catole + liberdade, tau=0.1, data=agrad.l)#Same model with Statsmodel in Python!
> summary.rq(quant1, se = "boot")#Pleasantness

Call: rq(formula = diff ~ street_wid + mov_cars + park_cars + mov_ciclyst + 
    landscape + build_ident + trees + log2(build_height + 1) + 
    diff_build + people + graffiti + catole + liberdade, tau = 0.1, 
    data = agrad.l)

tau: [1] 0.1

Coefficients:
                       Value     Std. Error t value   Pr(>|t|) 
(Intercept)            -18.26180  32.14079   -0.56818   0.57127
street_wid              -0.15172   0.45285   -0.33503   0.73835
mov_cars                 0.70537   1.92487    0.36645   0.71485
park_cars               -0.86971   1.13275   -0.76779   0.44454
mov_ciclyst             10.39439   3.89073    2.67158   0.00890
landscape               -1.31357   6.29007   -0.20883   0.83503
build_ident              0.00838   1.55233    0.00540   0.99570
trees                   -0.39561   1.43960   -0.27480   0.78407
log2(build_height + 1)   1.68490   4.45343    0.37834   0.70603
diff_build               1.95407   1.75110    1.11591   0.26731
people                  -2.95410   1.89929   -1.55537   0.12322
graffitiYes             -2.19503   9.93970   -0.22083   0.82570
catole                   1.43328  10.25172    0.13981   0.88911
liberdade               -4.70386   8.99582   -0.52289   0.60228
> quant1 <- rq(diff ~ street_wid +  mov_cars + park_cars + mov_ciclyst + landscape + build_ident + trees + log2(build_height+1) + diff_build + people + graffiti + catole + liberdade, tau=0.9, data=agrad.l)#Same model with Statsmodel in Python!
> summary.rq(quant1, se = "boot")#Pleasantness

Call: rq(formula = diff ~ street_wid + mov_cars + park_cars + mov_ciclyst + 
    landscape + build_ident + trees + log2(build_height + 1) + 
    diff_build + people + graffiti + catole + liberdade, tau = 0.9, 
    data = agrad.l)

tau: [1] 0.9

Coefficients:
                       Value    Std. Error t value  Pr(>|t|)
(Intercept)            10.99156 29.24409    0.37586  0.70787
street_wid             -0.22521  0.42737   -0.52697  0.59946
mov_cars               -2.61722  2.23878   -1.16904  0.24534
park_cars               0.09405  1.03609    0.09078  0.92786
mov_ciclyst             8.39046  5.74264    1.46108  0.14733
landscape               3.17204  3.00242    1.05649  0.29345
build_ident            -1.58241  2.34216   -0.67562  0.50094
trees                  -1.49064  1.47174   -1.01284  0.31374
log2(build_height + 1)  2.33878  5.10136    0.45846  0.64768
diff_build              2.56564  2.29694    1.11698  0.26685
people                 -2.35362  1.29165   -1.82217  0.07161
graffitiYes            -9.86481  9.58827   -1.02884  0.30619
catole                 -3.98970 11.23718   -0.35504  0.72335
liberdade              -4.07082 10.36295   -0.39282  0.69534

======= Safety =========
======= M x W
> quant1 <- rq(diff ~ street_wid +  mov_cars + park_cars + mov_ciclyst + landscape + build_ident + trees + log2(build_height+1) + diff_build + people + graffiti + catole + liberdade, tau=0.1, data=seg.l)#Same model with Statsmodel in Python!
> summary.rq(quant1, se = "boot")#Pleasantness

Call: rq(formula = diff ~ street_wid + mov_cars + park_cars + mov_ciclyst + 
    landscape + build_ident + trees + log2(build_height + 1) + 
    diff_build + people + graffiti + catole + liberdade, tau = 0.1, 
    data = seg.l)

tau: [1] 0.1

Coefficients:
                       Value     Std. Error t value   Pr(>|t|) 
(Intercept)             -7.79358  41.96773   -0.18570   0.85308
street_wid               0.61247   0.66067    0.92705   0.35627
mov_cars                -1.18481   3.04222   -0.38946   0.69782
park_cars               -1.82463   1.13983   -1.60079   0.11278
mov_ciclyst              3.23024   5.81820    0.55519   0.58008
landscape               -4.54885   7.36862   -0.61733   0.53851
build_ident             -1.68199   2.76314   -0.60873   0.54417
trees                    2.18519   2.05030    1.06579   0.28925
log2(build_height + 1)   0.88964   6.69719    0.13284   0.89461
diff_build              -3.12478   2.44323   -1.27896   0.20406
people                   3.34475   1.78391    1.87496   0.06390
graffitiYes             -3.07072  11.54519   -0.26597   0.79084
catole                 -17.27969  16.11076   -1.07256   0.28622
liberdade              -25.48895  12.86281   -1.98160   0.05045
> quant1 <- rq(diff ~ street_wid +  mov_cars + park_cars + mov_ciclyst + landscape + build_ident + trees + log2(build_height+1) + diff_build + people + graffiti + catole + liberdade, tau=0.9, data=seg.l)#Same model with Statsmodel in Python!
> summary.rq(quant1, se = "boot")#Pleasantness

Call: rq(formula = diff ~ street_wid + mov_cars + park_cars + mov_ciclyst + 
    landscape + build_ident + trees + log2(build_height + 1) + 
    diff_build + people + graffiti + catole + liberdade, tau = 0.9, 
    data = seg.l)

tau: [1] 0.9

Coefficients:
                       Value     Std. Error t value   Pr(>|t|) 
(Intercept)             11.79645  21.15558    0.55760   0.57844
street_wid              -0.12950   0.35845   -0.36128   0.71870
mov_cars                -0.38284   2.00863   -0.19060   0.84925
park_cars                0.24259   0.71095    0.34123   0.73369
mov_ciclyst              1.80337   4.81554    0.37449   0.70888
landscape                9.90168   3.01015    3.28943   0.00141
build_ident              0.19150   1.16459    0.16443   0.86974
trees                   -0.17366   1.10932   -0.15655   0.87594
log2(build_height + 1)  -3.33887   4.60716   -0.72471   0.47043
diff_build              -1.20192   1.63784   -0.73385   0.46487
people                   1.82701   0.90214    2.02519   0.04568
graffitiYes              5.74178   7.15067    0.80297   0.42402
catole                 -10.13370   8.73771   -1.15977   0.24908
liberdade               -4.67975   8.66337   -0.54018   0.59035
======= Y x A
> quant1 <- rq(diff ~ street_wid +  mov_cars + park_cars + mov_ciclyst + landscape + build_ident + trees + log2(build_height+1) + diff_build + people + graffiti + catole + liberdade, tau=0.1, data=seg.l)#Same model with Statsmodel in Python!
> summary.rq(quant1, se = "boot")#Pleasantness

Call: rq(formula = diff ~ street_wid + mov_cars + park_cars + mov_ciclyst + 
    landscape + build_ident + trees + log2(build_height + 1) + 
    diff_build + people + graffiti + catole + liberdade, tau = 0.1, 
    data = seg.l)

tau: [1] 0.1

Coefficients:
                       Value     Std. Error t value   Pr(>|t|) 
(Intercept)             21.33691  35.48978    0.60121   0.54915
street_wid              -0.92891   0.75228   -1.23480   0.21998
mov_cars                 0.72122   3.53985    0.20374   0.83899
park_cars               -1.02996   1.67601   -0.61453   0.54035
mov_ciclyst             -2.27840   6.06012   -0.37597   0.70779
landscape                0.78258   5.34797    0.14633   0.88397
build_ident              1.62676   1.79642    0.90555   0.36749
trees                   -0.35339   1.99273   -0.17734   0.85962
log2(build_height + 1)  -4.32534   6.28811   -0.68786   0.49324
diff_build              -0.75164   2.50559   -0.29999   0.76485
people                   0.25062   1.49920    0.16717   0.86760
graffitiYes            -11.56195  19.76723   -0.58490   0.56001
catole                  10.23851  15.68073    0.65294   0.51539
liberdade                9.70099  12.77969    0.75909   0.44970
> quant1 <- rq(diff ~ street_wid +  mov_cars + park_cars + mov_ciclyst + landscape + build_ident + trees + log2(build_height+1) + diff_build + people + graffiti + catole + liberdade, tau=0.9, data=seg.l)#Same model with Statsmodel in Python!
> summary.rq(quant1, se = "boot")#Pleasantness

Call: rq(formula = diff ~ street_wid + mov_cars + park_cars + mov_ciclyst + 
    landscape + build_ident + trees + log2(build_height + 1) + 
    diff_build + people + graffiti + catole + liberdade, tau = 0.9, 
    data = seg.l)

tau: [1] 0.9

Coefficients:
                       Value     Std. Error t value   Pr(>|t|) 
(Intercept)            -11.45417  31.12553   -0.36800   0.71370
street_wid              -0.09236   0.40769   -0.22654   0.82127
mov_cars                 3.69826   2.27850    1.62311   0.10791
park_cars                1.68803   0.95206    1.77303   0.07946
mov_ciclyst              9.17795   7.16786    1.28043   0.20354
landscape                3.57624   3.72554    0.95993   0.33956
build_ident             -1.01566   2.08155   -0.48794   0.62673
trees                    0.64004   1.31258    0.48762   0.62695
log2(build_height + 1)   3.59747   4.93761    0.72859   0.46807
diff_build              -3.36060   1.60637   -2.09205   0.03913
people                   0.39036   1.21672    0.32083   0.74905
graffitiYes             21.30991  11.87043    1.79521   0.07583
catole                  15.26361  10.80530    1.41260   0.16107
liberdade               25.45925  11.27596    2.25783   0.02627
======= M x S
> summary.rq(quant1, se = "boot")#Pleasantness

Call: rq(formula = diff ~ street_wid + mov_cars + park_cars + mov_ciclyst + 
    landscape + build_ident + trees + log2(build_height + 1) + 
    diff_build + people + graffiti + catole + liberdade, tau = 0.1, 
    data = seg.l)

tau: [1] 0.1

Coefficients:
                       Value     Std. Error t value   Pr(>|t|) 
(Intercept)            -32.40804  47.89337   -0.67667   0.50028
street_wid               0.23465   0.92643    0.25329   0.80060
mov_cars                -0.87350   2.88406   -0.30287   0.76266
park_cars               -2.82242   1.89933   -1.48601   0.14062
mov_ciclyst             -9.29604   8.86167   -1.04902   0.29686
landscape               -5.02918   7.18582   -0.69988   0.48573
build_ident              3.62784   2.98321    1.21609   0.22700
trees                   -0.40686   2.18741   -0.18600   0.85284
log2(build_height + 1)  -2.49621  10.16616   -0.24554   0.80657
diff_build               4.44706   3.64688    1.21941   0.22574
people                   1.24934   2.88453    0.43312   0.66592
graffitiYes             25.44636  18.83134    1.35128   0.17985
catole                   4.85912  18.60991    0.26110   0.79458
liberdade                9.86448  16.64320    0.59270   0.55480
> quant1 <- rq(diff ~ street_wid +  mov_cars + park_cars + mov_ciclyst + landscape + build_ident + trees + log2(build_height+1) + diff_build + people + graffiti + catole + liberdade, tau=0.9, data=seg.l)#Same model with Statsmodel in Python!
> summary.rq(quant1, se = "boot")#Pleasantness

Call: rq(formula = diff ~ street_wid + mov_cars + park_cars + mov_ciclyst + 
    landscape + build_ident + trees + log2(build_height + 1) + 
    diff_build + people + graffiti + catole + liberdade, tau = 0.9, 
    data = seg.l)

tau: [1] 0.9

Coefficients:
                       Value    Std. Error t value  Pr(>|t|)
(Intercept)            27.25918 46.67874    0.58397  0.56064
street_wid              0.42239  0.93608    0.45123  0.65287
mov_cars               -5.01206  3.57608   -1.40155  0.16434
park_cars              -0.75679  1.85432   -0.40812  0.68411
mov_ciclyst             8.04541 11.93893    0.67388  0.50204
landscape              -8.54720  6.07470   -1.40702  0.16272
build_ident             1.11811  2.28533    0.48926  0.62580
trees                   2.85669  2.07833    1.37451  0.17255
log2(build_height + 1) -0.40343  6.16378   -0.06545  0.94795
diff_build              2.64988  3.38991    0.78170  0.43636
people                  0.13269  2.66090    0.04987  0.96033
graffitiYes            13.63833 16.87351    0.80827  0.42098
catole                 -0.20360 18.98706   -0.01072  0.99147
liberdade              -0.92541 17.73861   -0.05217  0.95850

> quant1 <- rq(diff ~ street_wid +  mov_cars + park_cars + mov_ciclyst + landscape + build_ident + trees + log2(build_height+1) + diff_build + people + graffiti + catole + liberdade, tau=0.1, data=seg.l)#Same model with Statsmodel in Python!
> summary.rq(quant1, se = "boot")#Pleasantness

Call: rq(formula = diff ~ street_wid + mov_cars + park_cars + mov_ciclyst + 
    landscape + build_ident + trees + log2(build_height + 1) + 
    diff_build + people + graffiti + catole + liberdade, tau = 0.1, 
    data = seg.l)

tau: [1] 0.1

Coefficients:
                       Value     Std. Error t value   Pr(>|t|) 
(Intercept)            -44.45951  37.93280   -1.17206   0.24414
street_wid              -0.01189   0.58909   -0.02018   0.98394
mov_cars                -3.80521   3.76419   -1.01090   0.31466
park_cars               -1.34978   1.04039   -1.29738   0.19767
mov_ciclyst              0.99656   6.60575    0.15086   0.88041
landscape                9.63387   7.48854    1.28648   0.20143
build_ident              0.99747   1.61835    0.61635   0.53915
trees                    1.02670   1.90450    0.53909   0.59110
log2(build_height + 1)  -4.32322   6.09021   -0.70986   0.47955
diff_build               4.24134   2.72119    1.55863   0.12244
people                  -1.82615   2.23425   -0.81734   0.41580
graffitiYes            -12.07058  14.16610   -0.85207   0.39634
catole                 -10.14612  13.38380   -0.75809   0.45029
liberdade              -15.07308  13.55450   -1.11203   0.26896
> quant1 <- rq(diff ~ street_wid +  mov_cars + park_cars + mov_ciclyst + landscape + build_ident + trees + log2(build_height+1) + diff_build + people + graffiti + catole + liberdade, tau=0.9, data=seg.l)#Same model with Statsmodel in Python!
> summary.rq(quant1, se = "boot")#Pleasantness

Call: rq(formula = diff ~ street_wid + mov_cars + park_cars + mov_ciclyst + 
    landscape + build_ident + trees + log2(build_height + 1) + 
    diff_build + people + graffiti + catole + liberdade, tau = 0.9, 
    data = seg.l)

tau: [1] 0.9

Coefficients:
                       Value     Std. Error t value   Pr(>|t|) 
(Intercept)             11.41797  30.86394    0.36995   0.71226
street_wid               0.08337   0.46555    0.17909   0.85826
mov_cars                -2.74770   2.31623   -1.18628   0.23850
park_cars                0.10364   1.24184    0.08345   0.93367
mov_ciclyst             -6.31910   6.87332   -0.91937   0.36026
landscape               10.95425   3.76884    2.90653   0.00456
build_ident             -0.84629   2.81052   -0.30111   0.76399
trees                   -2.93589   1.27975   -2.29411   0.02401
log2(build_height + 1)  -5.51988   5.21140   -1.05919   0.29223
diff_build               1.96973   2.44625    0.80520   0.42273
people                   1.27648   1.53737    0.83030   0.40847
graffitiYes            -12.45941  11.29764   -1.10283   0.27292
catole                  -2.35211  11.97880   -0.19636   0.84476
liberdade               -6.40613  11.35748   -0.56404   0.57407
